// Jest Snapshot v1, https://goo.gl/fbAQLP

exports[`Color Tag matches snapshot 1`] = `
<div>
  <span
    class="usa-tag"
    data-testid="tag"
    style="color: rgb(255, 255, 255); background-color: rgb(115, 179, 231);"
  >
    blue
  </span>
</div>
`;
